
Map of Debug\i2c_slave_driver.sm8 from link file Debug\i2c_slave_driver.lkf - Wed Jul 05 23:09:44 2017


                               --------
                               Segments
                               --------

start 00008080 end 000081a8 length   296 segment .const
start 000081b3 end 000093e5 length  4658 segment .text
start 00004000 end 00004000 length     0 segment .eeprom
start 00000000 end 00000003 length     3 segment .bsct, initialized
start 000081b0 end 000081b3 length     3 segment .bsct, from
start 00000003 end 000000a5 length   162 segment .ubsct
start 000000a5 end 000000a5 length     0 segment .bit
start 000000a5 end 000000a5 length     0 segment .share
start 00000100 end 00000100 length     0 segment .data
start 00000100 end 00000100 length     0 segment .bss
start 00000000 end 0000b927 length 47399 segment .debug
start 00008000 end 00008080 length   128 segment .const
start 000081a8 end 000081b0 length     8 segment .init


                               -------
                               Modules
                               -------

D:\Program Files (x86)\COSMIC\CXSTM8\Lib\crtsi0.sm8:
start 000081b3 end 000081fe length    75 section .text
start 00000100 end 00000100 length     0 section .bss
start 00000003 end 00000003 length     0 section .ubsct

Debug\stm8s_adc1.o:
start 00000000 end 000015f1 length  5617 section .debug
start 000081fe end 0000822f length    49 section .text
start 0000822f end 000083d7 length   424 section .text
start 000083d7 end 00008402 length    43 section .text
start ******** end ******** length     0 section .text *** removed ***
start ******** end ******** length     0 section .text *** removed ***
start ******** end ******** length     0 section .text *** removed ***
start 00008402 end 00008447 length    69 section .text
start 00008447 end 00008541 length   250 section .text
start 00008541 end 000085fc length   187 section .text
start 000085fc end 00008656 length    90 section .text
start 00008656 end 0000865b length     5 section .text
start 0000865b end 000086a8 length    77 section .text
start ******** end ******** length     0 section .text *** removed ***
start ******** end ******** length     0 section .text *** removed ***
start ******** end ******** length     0 section .text *** removed ***
start ******** end ******** length     0 section .text *** removed ***
start ******** end ******** length     0 section .text *** removed ***
start 000086a8 end 0000876b length   195 section .text
start ******** end ******** length     0 section .text *** removed ***
start ******** end ******** length     0 section .text *** removed ***
start ******** end ******** length     0 section .text *** removed ***
start 00008080 end 000080bb length    59 section .const

Debug\stm8s_clk.o:
start 000015f1 end 00002c60 length  5743 section .debug
start ******** end ******** length     0 section .const *** removed ***
start ******** end ******** length     0 section .text *** removed ***
start ******** end ******** length     0 section .text *** removed ***
start ******** end ******** length     0 section .text *** removed ***
start ******** end ******** length     0 section .text *** removed ***
start ******** end ******** length     0 section .text *** removed ***
start ******** end ******** length     0 section .text *** removed ***
start ******** end ******** length     0 section .text *** removed ***
start ******** end ******** length     0 section .text *** removed ***
start ******** end ******** length     0 section .text *** removed ***
start ******** end ******** length     0 section .text *** removed ***
start ******** end ******** length     0 section .text *** removed ***
start ******** end ******** length     0 section .text *** removed ***
start ******** end ******** length     0 section .text *** removed ***
start ******** end ******** length     0 section .text *** removed ***
start ******** end ******** length     0 section .text *** removed ***
start ******** end ******** length     0 section .text *** removed ***
start ******** end ******** length     0 section .text *** removed ***
start ******** end ******** length     0 section .text *** removed ***
start ******** end ******** length     0 section .text *** removed ***
start ******** end ******** length     0 section .text *** removed ***
start ******** end ******** length     0 section .text *** removed ***
start ******** end ******** length     0 section .text *** removed ***
start ******** end ******** length     0 section .text *** removed ***

Debug\stm8s_exti.o:
start 00002c60 end 000030ef length  1167 section .debug
start ******** end ******** length     0 section .text *** removed ***
start ******** end ******** length     0 section .text *** removed ***
start ******** end ******** length     0 section .text *** removed ***
start ******** end ******** length     0 section .text *** removed ***
start ******** end ******** length     0 section .text *** removed ***
start ******** end ******** length     0 section .const *** removed ***

Debug\stm8s_gpio.o:
start 000030ef end 00003af9 length  2570 section .debug
start ******** end ******** length     0 section .text *** removed ***
start 0000876b end 00008847 length   220 section .text
start ******** end ******** length     0 section .text *** removed ***
start 00008847 end 0000884e length     7 section .text
start 0000884e end 00008856 length     8 section .text
start ******** end ******** length     0 section .text *** removed ***
start ******** end ******** length     0 section .text *** removed ***
start 00008856 end 00008859 length     3 section .text
start ******** end ******** length     0 section .text *** removed ***
start ******** end ******** length     0 section .text *** removed ***
start 000080bb end 000080f6 length    59 section .const

Debug\stm8s_i2c.o:
start 00003af9 end 0000509a length  5537 section .debug
start ******** end ******** length     0 section .text *** removed ***
start ******** end ******** length     0 section .const *** removed ***
start ******** end ******** length     0 section .text *** removed ***
start ******** end ******** length     0 section .text *** removed ***
start ******** end ******** length     0 section .text *** removed ***
start ******** end ******** length     0 section .text *** removed ***
start ******** end ******** length     0 section .text *** removed ***
start ******** end ******** length     0 section .text *** removed ***
start ******** end ******** length     0 section .text *** removed ***
start ******** end ******** length     0 section .text *** removed ***
start ******** end ******** length     0 section .text *** removed ***
start ******** end ******** length     0 section .text *** removed ***
start ******** end ******** length     0 section .text *** removed ***
start ******** end ******** length     0 section .text *** removed ***
start ******** end ******** length     0 section .text *** removed ***
start ******** end ******** length     0 section .text *** removed ***
start ******** end ******** length     0 section .text *** removed ***
start ******** end ******** length     0 section .text *** removed ***
start ******** end ******** length     0 section .text *** removed ***
start ******** end ******** length     0 section .text *** removed ***
start ******** end ******** length     0 section .text *** removed ***

Debug\stm8s_itc.o:
start 0000509a end 0000569d length  1539 section .debug
start 00008859 end 0000885c length     3 section .text
start 0000885c end 0000887d length    33 section .text
start 0000887d end 00008883 length     6 section .text
start 000080f6 end 00008194 length   158 section .const
start 00008883 end 00008918 length   149 section .text
start 00008918 end 00008a2f length   279 section .text

Debug\stm8s_iwdg.o:
start 0000569d end 00005a3f length   930 section .debug
start ******** end ******** length     0 section .text *** removed ***
start ******** end ******** length     0 section .text *** removed ***
start ******** end ******** length     0 section .text *** removed ***
start ******** end ******** length     0 section .text *** removed ***
start ******** end ******** length     0 section .text *** removed ***
start ******** end ******** length     0 section .const *** removed ***

Debug\stm8s_tim2.o:
start 00005a3f end 00007d53 length  8980 section .debug
start ******** end ******** length     0 section .text *** removed ***
start ******** end ******** length     0 section .text *** removed ***
start ******** end ******** length     0 section .text *** removed ***
start ******** end ******** length     0 section .text *** removed ***
start ******** end ******** length     0 section .text *** removed ***
start ******** end ******** length     0 section .text *** removed ***
start ******** end ******** length     0 section .text *** removed ***
start ******** end ******** length     0 section .text *** removed ***
start ******** end ******** length     0 section .text *** removed ***
start ******** end ******** length     0 section .text *** removed ***
start ******** end ******** length     0 section .text *** removed ***
start ******** end ******** length     0 section .text *** removed ***
start ******** end ******** length     0 section .text *** removed ***
start ******** end ******** length     0 section .text *** removed ***
start ******** end ******** length     0 section .text *** removed ***
start ******** end ******** length     0 section .text *** removed ***
start ******** end ******** length     0 section .text *** removed ***
start ******** end ******** length     0 section .text *** removed ***
start ******** end ******** length     0 section .text *** removed ***
start ******** end ******** length     0 section .text *** removed ***
start ******** end ******** length     0 section .text *** removed ***
start ******** end ******** length     0 section .text *** removed ***
start ******** end ******** length     0 section .text *** removed ***
start ******** end ******** length     0 section .text *** removed ***
start ******** end ******** length     0 section .text *** removed ***
start ******** end ******** length     0 section .text *** removed ***
start ******** end ******** length     0 section .text *** removed ***
start ******** end ******** length     0 section .text *** removed ***
start ******** end ******** length     0 section .text *** removed ***
start ******** end ******** length     0 section .text *** removed ***
start ******** end ******** length     0 section .text *** removed ***
start ******** end ******** length     0 section .text *** removed ***
start ******** end ******** length     0 section .text *** removed ***
start ******** end ******** length     0 section .text *** removed ***
start ******** end ******** length     0 section .text *** removed ***
start ******** end ******** length     0 section .text *** removed ***
start ******** end ******** length     0 section .text *** removed ***
start ******** end ******** length     0 section .text *** removed ***
start ******** end ******** length     0 section .text *** removed ***
start ******** end ******** length     0 section .text *** removed ***
start ******** end ******** length     0 section .text *** removed ***
start ******** end ******** length     0 section .text *** removed ***
start ******** end ******** length     0 section .text *** removed ***
start ******** end ******** length     0 section .text *** removed ***
start ******** end ******** length     0 section .text *** removed ***
start ******** end ******** length     0 section .text *** removed ***
start ******** end ******** length     0 section .const *** removed ***

Debug\stm8s_tim4.o:
start 00007d53 end 0000890a length  2999 section .debug
start ******** end ******** length     0 section .text *** removed ***
start ******** end ******** length     0 section .text *** removed ***
start ******** end ******** length     0 section .text *** removed ***
start ******** end ******** length     0 section .text *** removed ***
start ******** end ******** length     0 section .text *** removed ***
start ******** end ******** length     0 section .text *** removed ***
start ******** end ******** length     0 section .text *** removed ***
start ******** end ******** length     0 section .text *** removed ***
start ******** end ******** length     0 section .text *** removed ***
start ******** end ******** length     0 section .text *** removed ***
start ******** end ******** length     0 section .text *** removed ***
start ******** end ******** length     0 section .text *** removed ***
start ******** end ******** length     0 section .text *** removed ***
start ******** end ******** length     0 section .text *** removed ***
start ******** end ******** length     0 section .text *** removed ***
start ******** end ******** length     0 section .text *** removed ***
start ******** end ******** length     0 section .text *** removed ***
start ******** end ******** length     0 section .text *** removed ***
start ******** end ******** length     0 section .const *** removed ***

Debug\stm8s_uart1.o:
start 0000890a end 00009cf6 length  5100 section .debug
start ******** end ******** length     0 section .text *** removed ***
start ******** end ******** length     0 section .const *** removed ***
start ******** end ******** length     0 section .text *** removed ***
start ******** end ******** length     0 section .text *** removed ***
start ******** end ******** length     0 section .text *** removed ***
start ******** end ******** length     0 section .text *** removed ***
start ******** end ******** length     0 section .text *** removed ***
start ******** end ******** length     0 section .text *** removed ***
start ******** end ******** length     0 section .text *** removed ***
start ******** end ******** length     0 section .text *** removed ***
start ******** end ******** length     0 section .text *** removed ***
start ******** end ******** length     0 section .text *** removed ***
start ******** end ******** length     0 section .text *** removed ***
start ******** end ******** length     0 section .text *** removed ***
start ******** end ******** length     0 section .text *** removed ***
start ******** end ******** length     0 section .text *** removed ***
start ******** end ******** length     0 section .text *** removed ***
start ******** end ******** length     0 section .text *** removed ***
start ******** end ******** length     0 section .text *** removed ***
start ******** end ******** length     0 section .text *** removed ***
start ******** end ******** length     0 section .text *** removed ***
start ******** end ******** length     0 section .text *** removed ***
start ******** end ******** length     0 section .text *** removed ***
start ******** end ******** length     0 section .text *** removed ***
start ******** end ******** length     0 section .text *** removed ***
start ******** end ******** length     0 section .text *** removed ***

Debug\adc.o:
start 00000003 end 00000030 length    45 section .ubsct
start 00009cf6 end 0000a030 length   826 section .debug
start 00008a2f end 00008a4f length    32 section .text
start 00008a4f end 00008afe length   175 section .text
start 00008afe end 00008b6c length   110 section .text
start 00008b6c end 00008b81 length    21 section .text
start 00008194 end 000081a8 length    20 section .const

Debug\i2c_slave_interrupt.o:
start 00000000 end 00000003 length     3 section .bsct
start 00000030 end 00000096 length   102 section .ubsct
start 0000a030 end 0000abf8 length  3016 section .debug
start 00008b81 end 00008bba length    57 section .text
start 00008bba end 00008beb length    49 section .text
start 00008beb end 00008c30 length    69 section .text
start 00008c30 end 00008c35 length     5 section .text
start 00008c35 end 00008d72 length   317 section .text
start 00008d72 end 00008daf length    61 section .text
start 00008daf end 00008df5 length    70 section .text
start 00008df5 end 00008e28 length    51 section .text
start 00008e28 end 00008e5f length    55 section .text
start 00008e5f end 00008e64 length     5 section .text
start ******** end ******** length     0 section .text *** removed ***
start 00008e64 end 00008e7d length    25 section .text
start 00008e7d end 00008e88 length    11 section .text
start 00008e88 end 00008f20 length   152 section .text
start 00008f20 end 00008f3b length    27 section .text

Debug\main.o:
start 00000096 end 00000097 length     1 section .ubsct
start 0000abf8 end 0000adac length   436 section .debug
start 00008f3b end 00008f65 length    42 section .text
start 00008f65 end 00009050 length   235 section .text
start 00009050 end 00009052 length     2 section .text

Debug\stm8s_it.o:
start 0000adac end 0000b30e length  1378 section .debug
start ******** end ******** length     0 section .text *** removed ***
start ******** end ******** length     0 section .text *** removed ***
start ******** end ******** length     0 section .text *** removed ***
start ******** end ******** length     0 section .text *** removed ***
start ******** end ******** length     0 section .text *** removed ***
start ******** end ******** length     0 section .text *** removed ***
start ******** end ******** length     0 section .text *** removed ***
start ******** end ******** length     0 section .text *** removed ***
start ******** end ******** length     0 section .text *** removed ***
start ******** end ******** length     0 section .text *** removed ***
start ******** end ******** length     0 section .text *** removed ***
start ******** end ******** length     0 section .text *** removed ***
start ******** end ******** length     0 section .text *** removed ***
start ******** end ******** length     0 section .text *** removed ***
start ******** end ******** length     0 section .text *** removed ***
start ******** end ******** length     0 section .text *** removed ***
start ******** end ******** length     0 section .text *** removed ***
start ******** end ******** length     0 section .text *** removed ***

Debug\timer.o:
start 00000097 end 0000009b length     4 section .ubsct
start 0000b30e end 0000b638 length   810 section .debug
start 00009052 end 0000906b length    25 section .text
start 0000906b end 00009081 length    22 section .text
start 00009081 end 000090a5 length    36 section .text

Debug\uart_printf.o:
start 0000b638 end 0000b7bc length   388 section .debug
start ******** end ******** length     0 section .text *** removed ***
start ******** end ******** length     0 section .text *** removed ***
start ******** end ******** length     0 section .text *** removed ***

(D:\Program Files (x86)\COSMIC\CXSTM8\Lib\libm0.sm8)fadd.o:
start 000090a5 end 00009182 length   221 section .text

(D:\Program Files (x86)\COSMIC\CXSTM8\Lib\libm0.sm8)fdiv.o:
start 00009182 end 00009206 length   132 section .text

(D:\Program Files (x86)\COSMIC\CXSTM8\Lib\libm0.sm8)fgadd.o:
start 00009206 end 0000920e length     8 section .text

(D:\Program Files (x86)\COSMIC\CXSTM8\Lib\libm0.sm8)fmul.o:
start 0000920e end 000092e3 length   213 section .text

(D:\Program Files (x86)\COSMIC\CXSTM8\Lib\libm0.sm8)ftol.o:
start 000092e3 end 00009345 length    98 section .text

(D:\Program Files (x86)\COSMIC\CXSTM8\Lib\libm0.sm8)itof.o:
start 00009345 end 00009373 length    46 section .text

(D:\Program Files (x86)\COSMIC\CXSTM8\Lib\libm0.sm8)lgsbc.o:
start 00009373 end 00009389 length    22 section .text

(D:\Program Files (x86)\COSMIC\CXSTM8\Lib\libm0.sm8)lreg.o:
start 0000009b end 0000009f length     4 section .ubsct

(D:\Program Files (x86)\COSMIC\CXSTM8\Lib\libm0.sm8)lrzmp.o:
start 00009389 end 0000939c length    19 section .text

(D:\Program Files (x86)\COSMIC\CXSTM8\Lib\libm0.sm8)ltor.o:
start 0000939c end 000093ae length    18 section .text

(D:\Program Files (x86)\COSMIC\CXSTM8\Lib\libm0.sm8)rtol.o:
start 000093ae end 000093c0 length    18 section .text

(D:\Program Files (x86)\COSMIC\CXSTM8\Lib\libm0.sm8)uitof.o:
start 000093c0 end 000093e4 length    36 section .text

(D:\Program Files (x86)\COSMIC\CXSTM8\Lib\libm0.sm8)xreg.o:
start 0000009f end 000000a2 length     3 section .ubsct

(D:\Program Files (x86)\COSMIC\CXSTM8\Lib\libm0.sm8)yreg.o:
start 000000a2 end 000000a5 length     3 section .ubsct

Debug\stm8_interrupt_vector.o:
start 0000b7bc end 0000b927 length   363 section .debug
start 000093e4 end 000093e5 length     1 section .text
start 00008000 end 00008080 length   128 section .const


                             -----------
                             Stack usage
                             -----------

Debug\adc.o:
_ADC_init                        23   (2)
_AcquireEG                       24   (9)
_avrADCValue                      6   (6)
_calcEG_60s                      15   (7)

Debug\i2c_slave_interrupt.o:
_Check_Sum                        7   (7)
_I2C_byte_received                3   (3)
_I2C_byte_write                   2   (2)
_I2C_receive_begin                2   (2)
_I2C_transaction_begin           59   (3)
_I2C_transaction_end              2   (2)
_IIC_SlaveConfig                  2   (2)
_i2c_init_message                21   (5)
_init_device_info                56   (35)
_init_energy_consume             56   (35)
_mymemcpy                        16   (14)
_rev_action_plug_done            56   (35)
_rev_heart_breat                 56   (35)
f_I2C_Slave_check_event      >   70   (11)

Debug\main.o:
_assert_failed                    6   (6)
_delay                            6   (6)
_main                        >   26   (2)

Debug\stm8_interrupt_vector.o:
f_NonHandledInterrupt        >    5   (5)

Debug\stm8s_adc1.o:
_ADC1_Cmd                         9   (3)
_ADC1_ConversionConfig           11   (5)
_ADC1_DeInit                      2   (2)
_ADC1_ExternalTriggerConfig      10   (4)
_ADC1_GetConversionValue          7   (7)
_ADC1_GetFlagStatus              10   (4)
_ADC1_Init                       21   (10)
_ADC1_PrescalerConfig             9   (3)
_ADC1_SchmittTriggerConfig       10   (4)
_ADC1_StartConversion             2   (2)

Debug\stm8s_gpio.o:
_GPIO_Init                       12   (6)
_GPIO_ReadInputData               2   (2)
_GPIO_WriteHigh                   5   (5)
_GPIO_WriteLow                    5   (5)

Debug\stm8s_itc.o:
_ITC_DeInit                       2   (2)
_ITC_GetCPUCC                     2   (2)
_ITC_GetSoftIntStatus             4   (2)
_ITC_GetSoftwarePriority     >   11   (5)
_ITC_SetSoftwarePriority         12   (6)

Debug\timer.o:
_Init_Time4                       2   (2)
_Sys_Time_Manage                  2   (2)
f_TIM4InterruptHandle        >   13   (11)

Stack size: 96


                              ---------
                              Call tree
                              ---------
   1 > _ITC_GetSoftwarePriority: (5)
   2      + _assert_failed: (6)
       
   3 > __stext: (0)

   4 > _main: (2)
   5      + _ADC_init: (2)
   6      |    + _ADC1_Cmd: (3)
   7      |    |    + _assert_failed --> 2
          |    | 
   8      |    + _ADC1_DeInit: (2)
   9      |    + _ADC1_Init: (10)
  10      |    |    + _ADC1_ConversionConfig: (5)
  11      |    |    |    + _assert_failed --> 2
          |    |    | 
  12      |    |    + _ADC1_ExternalTriggerConfig: (4)
  13      |    |    |    + _assert_failed --> 2
          |    |    | 
  14      |    |    + _ADC1_PrescalerConfig: (3)
  15      |    |    |    + _assert_failed --> 2
          |    |    | 
  16      |    |    + _ADC1_SchmittTriggerConfig: (4)
  17      |    |    |    + _assert_failed --> 2
          |    |    | 
  18      |    |    + _assert_failed --> 2
          |    | 
          | 
  19      + _AcquireEG: (9)
  20      |    + _ADC1_GetConversionValue: (7)
  21      |    + _ADC1_GetFlagStatus: (4)
  22      |    |    + _assert_failed --> 2
          |    | 
  23      |    + _ADC1_StartConversion: (2)
  24      |    + _avrADCValue: (6)
  25      |    + _calcEG_60s: (7)
          | 
  26      + _GPIO_Init: (6)
  27      |    + _assert_failed --> 2
          | 
  28      + _GPIO_ReadInputData: (2)
  29      + _IIC_SlaveConfig: (2)
  30      + _ITC_DeInit: (2)
  31      + _ITC_SetSoftwarePriority: (6)
  32      |    + _ITC_GetSoftIntStatus: (2)
  33      |    |    + _ITC_GetCPUCC: (2)
          |    | 
  34      |    + _assert_failed --> 2
          | 
  35      + _Init_Time4: (2)
  36      + _delay: (6)
       
  37 > f_I2C_Slave_check_event: (11)
  38      + _I2C_byte_received: (3)
  39      + _I2C_byte_write: (2)
  40      + _I2C_receive_begin: (2)
  41      + _I2C_transaction_begin: (3)
  42      |    + _Check_Sum: (7)
  43      |    + _GPIO_WriteHigh: (5)
  44      |    + _GPIO_WriteLow: (5)
  45      |    + _init_device_info: (35)
  46      |    |    + _i2c_init_message: (5)
  47      |    |    |    + _Check_Sum --> 42
  48      |    |    |    + _mymemcpy: (14)
          |    |    | 
          |    | 
  49      |    + _init_energy_consume: (35)
  50      |    |    + _i2c_init_message --> 46
          |    | 
  51      |    + _rev_action_plug_done: (35)
  52      |    |    + _i2c_init_message --> 46
          |    | 
  53      |    + _rev_heart_breat: (35)
  54      |    |    + _i2c_init_message --> 46
          |    | 
          | 
  55      + _I2C_transaction_end: (2)
       
  56 > f_NonHandledInterrupt: (5)

  57 > f_TIM4InterruptHandle: (11)
  58      + _Sys_Time_Manage: (2)
       
  59   _ADC1_Cmd --> 6

  60   _ADC1_ConversionConfig --> 10

  61   _ADC1_DeInit --> 8

  62   _ADC1_ExternalTriggerConfig --> 12

  63   _ADC1_GetConversionValue --> 20

  64   _ADC1_GetFlagStatus --> 21

  65   _ADC1_Init --> 9

  66   _ADC1_PrescalerConfig --> 14

  67   _ADC1_SchmittTriggerConfig --> 16

  68   _ADC1_StartConversion --> 23

  69   _ADC_init --> 5

  70   _AcquireEG --> 19

  71   _Check_Sum --> 42

  72   _GPIO_Init --> 26

  73   _GPIO_ReadInputData --> 28

  74   _GPIO_WriteHigh --> 43

  75   _GPIO_WriteLow --> 44

  76   _I2C_byte_received --> 38

  77   _I2C_byte_write --> 39

  78   _I2C_receive_begin --> 40

  79   _I2C_transaction_begin --> 41

  80   _I2C_transaction_end --> 55

  81   _IIC_SlaveConfig --> 29

  82   _ITC_DeInit --> 30

  83   _ITC_GetCPUCC --> 33

  84   _ITC_GetSoftIntStatus --> 32

  85   _ITC_SetSoftwarePriority --> 31

  86   _Init_Time4 --> 35

  87   _Sys_Time_Manage --> 58

  88   _assert_failed --> 2

  89   _avrADCValue --> 24

  90   _calcEG_60s --> 25

  91   _delay --> 36

  92   _i2c_init_message --> 46

  93   _init_device_info --> 45

  94   _init_energy_consume --> 49

  95   _mymemcpy --> 48

  96   _rev_action_plug_done --> 51

  97   _rev_heart_breat --> 53



                               -------
                               Symbols
                               -------

_ADC1_AWDChannelConfig              ********   *** removed from Debug\stm8s_adc1.o ***
_ADC1_ClearFlag                     ********   *** removed from Debug\stm8s_adc1.o ***
_ADC1_ClearITPendingBit             ********   *** removed from Debug\stm8s_adc1.o ***
_ADC1_Cmd                           000083d7   defined in Debug\stm8s_adc1.o section .text
                                               used in Debug\adc.o
_ADC1_ConversionConfig              00008541   defined in Debug\stm8s_adc1.o section .text
_ADC1_DataBufferCmd                 ********   *** removed from Debug\stm8s_adc1.o ***
_ADC1_DeInit                        000081fe   defined in Debug\stm8s_adc1.o section .text
                                               used in Debug\adc.o
_ADC1_ExternalTriggerConfig         000085fc   defined in Debug\stm8s_adc1.o section .text
_ADC1_GetAWDChannelStatus           ********   *** removed from Debug\stm8s_adc1.o ***
_ADC1_GetBufferValue                ********   *** removed from Debug\stm8s_adc1.o ***
_ADC1_GetConversionValue            0000865b   defined in Debug\stm8s_adc1.o section .text
                                               used in Debug\adc.o
_ADC1_GetFlagStatus                 000086a8   defined in Debug\stm8s_adc1.o section .text
                                               used in Debug\adc.o
_ADC1_GetITStatus                   ********   *** removed from Debug\stm8s_adc1.o ***
_ADC1_ITConfig                      ********   *** removed from Debug\stm8s_adc1.o ***
_ADC1_Init                          0000822f   defined in Debug\stm8s_adc1.o section .text
                                               used in Debug\adc.o
_ADC1_PrescalerConfig               00008402   defined in Debug\stm8s_adc1.o section .text
_ADC1_ScanModeCmd                   ********   *** removed from Debug\stm8s_adc1.o ***
_ADC1_SchmittTriggerConfig          00008447   defined in Debug\stm8s_adc1.o section .text
_ADC1_SetHighThreshold              ********   *** removed from Debug\stm8s_adc1.o ***
_ADC1_SetLowThreshold               ********   *** removed from Debug\stm8s_adc1.o ***
_ADC1_StartConversion               00008656   defined in Debug\stm8s_adc1.o section .text
                                               used in Debug\adc.o
_ADC_init                           00008a2f   defined in Debug\adc.o section .text
                                               used in Debug\main.o
_AcquireEG                          00008a4f   defined in Debug\adc.o section .text
                                               used in Debug\main.o
_CLKPrescTable                      ********   *** removed from Debug\stm8s_clk.o ***
_CLK_AdjustHSICalibrationValue      ********   *** removed from Debug\stm8s_clk.o ***
_CLK_CCOCmd                         ********   *** removed from Debug\stm8s_clk.o ***
_CLK_CCOConfig                      ********   *** removed from Debug\stm8s_clk.o ***
_CLK_ClearITPendingBit              ********   *** removed from Debug\stm8s_clk.o ***
_CLK_ClockSecuritySystemEnable      ********   *** removed from Debug\stm8s_clk.o ***
_CLK_ClockSwitchCmd                 ********   *** removed from Debug\stm8s_clk.o ***
_CLK_ClockSwitchConfig              ********   *** removed from Debug\stm8s_clk.o ***
_CLK_DeInit                         ********   *** removed from Debug\stm8s_clk.o ***
_CLK_FastHaltWakeUpCmd              ********   *** removed from Debug\stm8s_clk.o ***
_CLK_GetClockFreq                   ********   *** removed from Debug\stm8s_clk.o ***
_CLK_GetFlagStatus                  ********   *** removed from Debug\stm8s_clk.o ***
_CLK_GetITStatus                    ********   *** removed from Debug\stm8s_clk.o ***
_CLK_GetSYSCLKSource                ********   *** removed from Debug\stm8s_clk.o ***
_CLK_HSECmd                         ********   *** removed from Debug\stm8s_clk.o ***
_CLK_HSICmd                         ********   *** removed from Debug\stm8s_clk.o ***
_CLK_HSIPrescalerConfig             ********   *** removed from Debug\stm8s_clk.o ***
_CLK_ITConfig                       ********   *** removed from Debug\stm8s_clk.o ***
_CLK_LSICmd                         ********   *** removed from Debug\stm8s_clk.o ***
_CLK_PeripheralClockConfig          ********   *** removed from Debug\stm8s_clk.o ***
_CLK_SWIMConfig                     ********   *** removed from Debug\stm8s_clk.o ***
_CLK_SYSCLKConfig                   ********   *** removed from Debug\stm8s_clk.o ***
_CLK_SYSCLKEmergencyClear           ********   *** removed from Debug\stm8s_clk.o ***
_CLK_SlowActiveHaltWakeUpCmd        ********   *** removed from Debug\stm8s_clk.o ***
_Check_Sum                          00008bba   defined in Debug\i2c_slave_interrupt.o section .text
_EXTI_DeInit                        ********   *** removed from Debug\stm8s_exti.o ***
_EXTI_GetExtIntSensitivity          ********   *** removed from Debug\stm8s_exti.o ***
_EXTI_GetTLISensitivity             ********   *** removed from Debug\stm8s_exti.o ***
_EXTI_SetExtIntSensitivity          ********   *** removed from Debug\stm8s_exti.o ***
_EXTI_SetTLISensitivity             ********   *** removed from Debug\stm8s_exti.o ***
_Flag1_                             0000009a   defined in Debug\timer.o section .ubsct
                                               used in Debug\main.o
_GPIO_DeInit                        ********   *** removed from Debug\stm8s_gpio.o ***
_GPIO_ExternalPullUpConfig          ********   *** removed from Debug\stm8s_gpio.o ***
_GPIO_Init                          0000876b   defined in Debug\stm8s_gpio.o section .text
                                               used in Debug\main.o
_GPIO_ReadInputData                 00008856   defined in Debug\stm8s_gpio.o section .text
                                               used in Debug\main.o
_GPIO_ReadInputPin                  ********   *** removed from Debug\stm8s_gpio.o ***
_GPIO_ReadOutputData                ********   *** removed from Debug\stm8s_gpio.o ***
_GPIO_Write                         ********   *** removed from Debug\stm8s_gpio.o ***
_GPIO_WriteHigh                     00008847   defined in Debug\stm8s_gpio.o section .text
                                               used in Debug\i2c_slave_interrupt.o
_GPIO_WriteLow                      0000884e   defined in Debug\stm8s_gpio.o section .text
                                               used in Debug\i2c_slave_interrupt.o
_GPIO_WriteReverse                  ********   *** removed from Debug\stm8s_gpio.o ***
_GetDataIndex                       00000000   defined in Debug\i2c_slave_interrupt.o section .bsct, initialized
                                               used in Debug\main.o
_HSIDivFactor                       ********   *** removed from Debug\stm8s_clk.o ***
_I2C_AcknowledgeConfig              ********   *** removed from Debug\stm8s_i2c.o ***
_I2C_CheckEvent                     ********   *** removed from Debug\stm8s_i2c.o ***
_I2C_ClearFlag                      ********   *** removed from Debug\stm8s_i2c.o ***
_I2C_ClearITPendingBit              ********   *** removed from Debug\stm8s_i2c.o ***
_I2C_Cmd                            ********   *** removed from Debug\stm8s_i2c.o ***
_I2C_DeInit                         ********   *** removed from Debug\stm8s_i2c.o ***
_I2C_FastModeDutyCycleConfig        ********   *** removed from Debug\stm8s_i2c.o ***
_I2C_GeneralCallCmd                 ********   *** removed from Debug\stm8s_i2c.o ***
_I2C_GenerateSTART                  ********   *** removed from Debug\stm8s_i2c.o ***
_I2C_GenerateSTOP                   ********   *** removed from Debug\stm8s_i2c.o ***
_I2C_GetFlagStatus                  ********   *** removed from Debug\stm8s_i2c.o ***
_I2C_GetITStatus                    ********   *** removed from Debug\stm8s_i2c.o ***
_I2C_GetLastEvent                   ********   *** removed from Debug\stm8s_i2c.o ***
_I2C_ITConfig                       ********   *** removed from Debug\stm8s_i2c.o ***
_I2C_Init                           ********   *** removed from Debug\stm8s_i2c.o ***
_I2C_ReceiveData                    ********   *** removed from Debug\stm8s_i2c.o ***
_I2C_Send7bitAddress                ********   *** removed from Debug\stm8s_i2c.o ***
_I2C_SendData                       ********   *** removed from Debug\stm8s_i2c.o ***
_I2C_SoftwareResetCmd               ********   *** removed from Debug\stm8s_i2c.o ***
_I2C_StretchClockCmd                ********   *** removed from Debug\stm8s_i2c.o ***
_I2C_byte_received                  00008e64   defined in Debug\i2c_slave_interrupt.o section .text
_I2C_byte_write                     00008e7d   defined in Debug\i2c_slave_interrupt.o section .text
_I2C_receive_begin                  00008c30   defined in Debug\i2c_slave_interrupt.o section .text
_I2C_transaction_begin              00008c35   defined in Debug\i2c_slave_interrupt.o section .text
_I2C_transaction_end                00008e5f   defined in Debug\i2c_slave_interrupt.o section .text
_I2C_transaction_receive            ********   *** removed from Debug\i2c_slave_interrupt.o ***
_IIC_RxBuffer                       00000059   defined in Debug\i2c_slave_interrupt.o section .ubsct
_IIC_SlaveConfig                    00008f20   defined in Debug\i2c_slave_interrupt.o section .text
                                               used in Debug\main.o
_IIC_TxBuffer                       00000039   defined in Debug\i2c_slave_interrupt.o section .ubsct
_ITC_DeInit                         0000885c   defined in Debug\stm8s_itc.o section .text
                                               used in Debug\main.o
_ITC_GetCPUCC                       00008859   defined in Debug\stm8s_itc.o section .text
_ITC_GetSoftIntStatus               0000887d   defined in Debug\stm8s_itc.o section .text
_ITC_GetSoftwarePriority            00008883   defined in Debug\stm8s_itc.o section .text
_ITC_SetSoftwarePriority            00008918   defined in Debug\stm8s_itc.o section .text
                                               used in Debug\main.o
_IWDG_Enable                        ********   *** removed from Debug\stm8s_iwdg.o ***
_IWDG_ReloadCounter                 ********   *** removed from Debug\stm8s_iwdg.o ***
_IWDG_SetPrescaler                  ********   *** removed from Debug\stm8s_iwdg.o ***
_IWDG_SetReload                     ********   *** removed from Debug\stm8s_iwdg.o ***
_IWDG_WriteAccessCmd                ********   *** removed from Debug\stm8s_iwdg.o ***
_Init_Time4                         00009052   defined in Debug\timer.o section .text
                                               used in Debug\main.o
_ReceiveState                       00000001   defined in Debug\i2c_slave_interrupt.o section .bsct, initialized
                                               used in Debug\main.o
_SendDataIndex                      00000002   defined in Debug\i2c_slave_interrupt.o section .bsct, initialized
_Sys_Time_Manage                    0000906b   defined in Debug\timer.o section .text
_TIM2_ARRPreloadConfig              ********   *** removed from Debug\stm8s_tim2.o ***
_TIM2_CCxCmd                        ********   *** removed from Debug\stm8s_tim2.o ***
_TIM2_ClearFlag                     ********   *** removed from Debug\stm8s_tim2.o ***
_TIM2_ClearITPendingBit             ********   *** removed from Debug\stm8s_tim2.o ***
_TIM2_Cmd                           ********   *** removed from Debug\stm8s_tim2.o ***
_TIM2_DeInit                        ********   *** removed from Debug\stm8s_tim2.o ***
_TIM2_ForcedOC1Config               ********   *** removed from Debug\stm8s_tim2.o ***
_TIM2_ForcedOC2Config               ********   *** removed from Debug\stm8s_tim2.o ***
_TIM2_ForcedOC3Config               ********   *** removed from Debug\stm8s_tim2.o ***
_TIM2_GenerateEvent                 ********   *** removed from Debug\stm8s_tim2.o ***
_TIM2_GetCapture1                   ********   *** removed from Debug\stm8s_tim2.o ***
_TIM2_GetCapture2                   ********   *** removed from Debug\stm8s_tim2.o ***
_TIM2_GetCapture3                   ********   *** removed from Debug\stm8s_tim2.o ***
_TIM2_GetCounter                    ********   *** removed from Debug\stm8s_tim2.o ***
_TIM2_GetFlagStatus                 ********   *** removed from Debug\stm8s_tim2.o ***
_TIM2_GetITStatus                   ********   *** removed from Debug\stm8s_tim2.o ***
_TIM2_GetPrescaler                  ********   *** removed from Debug\stm8s_tim2.o ***
_TIM2_ICInit                        ********   *** removed from Debug\stm8s_tim2.o ***
_TIM2_ITConfig                      ********   *** removed from Debug\stm8s_tim2.o ***
_TIM2_OC1Init                       ********   *** removed from Debug\stm8s_tim2.o ***
_TIM2_OC1PolarityConfig             ********   *** removed from Debug\stm8s_tim2.o ***
_TIM2_OC1PreloadConfig              ********   *** removed from Debug\stm8s_tim2.o ***
_TIM2_OC2Init                       ********   *** removed from Debug\stm8s_tim2.o ***
_TIM2_OC2PolarityConfig             ********   *** removed from Debug\stm8s_tim2.o ***
_TIM2_OC2PreloadConfig              ********   *** removed from Debug\stm8s_tim2.o ***
_TIM2_OC3Init                       ********   *** removed from Debug\stm8s_tim2.o ***
_TIM2_OC3PolarityConfig             ********   *** removed from Debug\stm8s_tim2.o ***
_TIM2_OC3PreloadConfig              ********   *** removed from Debug\stm8s_tim2.o ***
_TIM2_PWMIConfig                    ********   *** removed from Debug\stm8s_tim2.o ***
_TIM2_PrescalerConfig               ********   *** removed from Debug\stm8s_tim2.o ***
_TIM2_SelectOCxM                    ********   *** removed from Debug\stm8s_tim2.o ***
_TIM2_SelectOnePulseMode            ********   *** removed from Debug\stm8s_tim2.o ***
_TIM2_SetAutoreload                 ********   *** removed from Debug\stm8s_tim2.o ***
_TIM2_SetCompare1                   ********   *** removed from Debug\stm8s_tim2.o ***
_TIM2_SetCompare2                   ********   *** removed from Debug\stm8s_tim2.o ***
_TIM2_SetCompare3                   ********   *** removed from Debug\stm8s_tim2.o ***
_TIM2_SetCounter                    ********   *** removed from Debug\stm8s_tim2.o ***
_TIM2_SetIC1Prescaler               ********   *** removed from Debug\stm8s_tim2.o ***
_TIM2_SetIC2Prescaler               ********   *** removed from Debug\stm8s_tim2.o ***
_TIM2_SetIC3Prescaler               ********   *** removed from Debug\stm8s_tim2.o ***
_TIM2_TimeBaseInit                  ********   *** removed from Debug\stm8s_tim2.o ***
_TIM2_UpdateDisableConfig           ********   *** removed from Debug\stm8s_tim2.o ***
_TIM2_UpdateRequestConfig           ********   *** removed from Debug\stm8s_tim2.o ***
_TIM4_ARRPreloadConfig              ********   *** removed from Debug\stm8s_tim4.o ***
_TIM4_ClearFlag                     ********   *** removed from Debug\stm8s_tim4.o ***
_TIM4_ClearITPendingBit             ********   *** removed from Debug\stm8s_tim4.o ***
_TIM4_Cmd                           ********   *** removed from Debug\stm8s_tim4.o ***
_TIM4_DeInit                        ********   *** removed from Debug\stm8s_tim4.o ***
_TIM4_GenerateEvent                 ********   *** removed from Debug\stm8s_tim4.o ***
_TIM4_GetCounter                    ********   *** removed from Debug\stm8s_tim4.o ***
_TIM4_GetFlagStatus                 ********   *** removed from Debug\stm8s_tim4.o ***
_TIM4_GetITStatus                   ********   *** removed from Debug\stm8s_tim4.o ***
_TIM4_GetPrescaler                  ********   *** removed from Debug\stm8s_tim4.o ***
_TIM4_ITConfig                      ********   *** removed from Debug\stm8s_tim4.o ***
_TIM4_PrescalerConfig               ********   *** removed from Debug\stm8s_tim4.o ***
_TIM4_SelectOnePulseMode            ********   *** removed from Debug\stm8s_tim4.o ***
_TIM4_SetAutoreload                 ********   *** removed from Debug\stm8s_tim4.o ***
_TIM4_SetCounter                    ********   *** removed from Debug\stm8s_tim4.o ***
_TIM4_TimeBaseInit                  ********   *** removed from Debug\stm8s_tim4.o ***
_TIM4_UpdateDisableConfig           ********   *** removed from Debug\stm8s_tim4.o ***
_TIM4_UpdateRequestConfig           ********   *** removed from Debug\stm8s_tim4.o ***
_Tick10s                            00000096   defined in Debug\main.o section .ubsct
_UART1_ClearFlag                    ********   *** removed from Debug\stm8s_uart1.o ***
_UART1_ClearITPendingBit            ********   *** removed from Debug\stm8s_uart1.o ***
_UART1_Cmd                          ********   *** removed from Debug\stm8s_uart1.o ***
_UART1_DeInit                       ********   *** removed from Debug\stm8s_uart1.o ***
_UART1_GetFlagStatus                ********   *** removed from Debug\stm8s_uart1.o ***
_UART1_GetITStatus                  ********   *** removed from Debug\stm8s_uart1.o ***
_UART1_HalfDuplexCmd                ********   *** removed from Debug\stm8s_uart1.o ***
_UART1_ITConfig                     ********   *** removed from Debug\stm8s_uart1.o ***
_UART1_Init                         ********   *** removed from Debug\stm8s_uart1.o ***
_UART1_IrDACmd                      ********   *** removed from Debug\stm8s_uart1.o ***
_UART1_IrDAConfig                   ********   *** removed from Debug\stm8s_uart1.o ***
_UART1_LINBreakDetectionConfig      ********   *** removed from Debug\stm8s_uart1.o ***
_UART1_LINCmd                       ********   *** removed from Debug\stm8s_uart1.o ***
_UART1_ReceiveData8                 ********   *** removed from Debug\stm8s_uart1.o ***
_UART1_ReceiveData9                 ********   *** removed from Debug\stm8s_uart1.o ***
_UART1_ReceiverWakeUpCmd            ********   *** removed from Debug\stm8s_uart1.o ***
_UART1_SendBreak                    ********   *** removed from Debug\stm8s_uart1.o ***
_UART1_SendData8                    ********   *** removed from Debug\stm8s_uart1.o ***
_UART1_SendData9                    ********   *** removed from Debug\stm8s_uart1.o ***
_UART1_SetAddress                   ********   *** removed from Debug\stm8s_uart1.o ***
_UART1_SetGuardTime                 ********   *** removed from Debug\stm8s_uart1.o ***
_UART1_SetPrescaler                 ********   *** removed from Debug\stm8s_uart1.o ***
_UART1_SmartCardCmd                 ********   *** removed from Debug\stm8s_uart1.o ***
_UART1_SmartCardNACKCmd             ********   *** removed from Debug\stm8s_uart1.o ***
_UART1_WakeUpConfig                 ********   *** removed from Debug\stm8s_uart1.o ***
_UART_Init                          ********   *** removed from Debug\uart_printf.o ***
__endmem                            000001ff   defined in command file
                                               *** not used ***
__endzp                             000000a5   defined in command file section .ubsct
                                               used in D:\Program Files (x86)\COSMIC\CXSTM8\Lib\crtsi0.sm8
__idesc__                           000081a8   defined in linker section .init
                                               used in D:\Program Files (x86)\COSMIC\CXSTM8\Lib\crtsi0.sm8
__memory                            00000100   defined in command file section .bss
                                               used in D:\Program Files (x86)\COSMIC\CXSTM8\Lib\crtsi0.sm8
__stack                             000003ff   defined in command file
                                               used in D:\Program Files (x86)\COSMIC\CXSTM8\Lib\crtsi0.sm8
__startmem                          00000100   defined in command file section .bss
                                               *** not used ***
__stext                             000081b3   defined in D:\Program Files (x86)\COSMIC\CXSTM8\Lib\crtsi0.sm8 section .text
                                               used in Debug\stm8_interrupt_vector.o
__vectab                            00008000   defined in Debug\stm8_interrupt_vector.o section .const
_action_done                        00000079   defined in Debug\i2c_slave_interrupt.o section .ubsct
_action_flag                        00000033   defined in Debug\i2c_slave_interrupt.o section .ubsct
_assert_failed                      00009050   defined in Debug\main.o section .text
                                               used in Debug\stm8s_adc1.o
                                                       Debug\stm8s_clk.o
                                                       Debug\stm8s_exti.o
                                                       Debug\stm8s_gpio.o
                                                       Debug\stm8s_i2c.o
                                                       Debug\stm8s_itc.o
                                                       Debug\stm8s_iwdg.o
                                                       Debug\stm8s_tim2.o
                                                       Debug\stm8s_tim4.o
                                                       Debug\stm8s_uart1.o
_avrADCValue                        00008afe   defined in Debug\adc.o section .text
_avr_current                        00000007   defined in Debug\adc.o section .ubsct
_calcEG_60s                         00008b6c   defined in Debug\adc.o section .text
_channel                            00000038   defined in Debug\i2c_slave_interrupt.o section .ubsct
_count                              0000002f   defined in Debug\adc.o section .ubsct
_current                            0000000b   defined in Debug\adc.o section .ubsct
_delay                              00008f3b   defined in Debug\main.o section .text
_exit                               000081fc   defined in D:\Program Files (x86)\COSMIC\CXSTM8\Lib\crtsi0.sm8 section .text
_ext                                00000037   defined in Debug\i2c_slave_interrupt.o section .ubsct
_getchar                            ********   *** removed from Debug\uart_printf.o ***
_i2c_init_message                   00008beb   defined in Debug\i2c_slave_interrupt.o section .text
_init_device_info                   00008d72   defined in Debug\i2c_slave_interrupt.o section .text
_init_energy_consume                00008daf   defined in Debug\i2c_slave_interrupt.o section .text
_last_ch1_status                    00000036   defined in Debug\i2c_slave_interrupt.o section .ubsct
_last_ch2_status                    00000035   defined in Debug\i2c_slave_interrupt.o section .ubsct
_last_ch3_status                    00000034   defined in Debug\i2c_slave_interrupt.o section .ubsct
_main                               00008f65   defined in Debug\main.o section .text
                                               used in D:\Program Files (x86)\COSMIC\CXSTM8\Lib\crtsi0.sm8
_mymemcpy                           00008b81   defined in Debug\i2c_slave_interrupt.o section .text
_putchar                            ********   *** removed from Debug\uart_printf.o ***
_rev_action_plug_done               00008e28   defined in Debug\i2c_slave_interrupt.o section .text
_rev_heart_breat                    00008df5   defined in Debug\i2c_slave_interrupt.o section .text
_rtEG                               00000003   defined in Debug\adc.o section .ubsct
                                               used in Debug\i2c_slave_interrupt.o
_slave_address                      0000007a   defined in Debug\i2c_slave_interrupt.o section .ubsct
                                               used in Debug\main.o
_spc                                0000007b   defined in Debug\i2c_slave_interrupt.o section .ubsct
                                               used in Debug\main.o
_systime_count                      00000097   defined in Debug\timer.o section .ubsct
_systime_count2                     00000099   defined in Debug\timer.o section .ubsct
_u16_adc1_value                     00000023   defined in Debug\adc.o section .ubsct
c_fadd                              000090b9   defined in (D:\Program Files (x86)\COSMIC\CXSTM8\Lib\libm0.sm8)fadd.o section .text
                                               used in Debug\adc.o
                                                       (D:\Program Files (x86)\COSMIC\CXSTM8\Lib\libm0.sm8)fgadd.o
c_fdiv                              00009182   defined in (D:\Program Files (x86)\COSMIC\CXSTM8\Lib\libm0.sm8)fdiv.o section .text
                                               used in Debug\adc.o
c_fgadd                             00009206   defined in (D:\Program Files (x86)\COSMIC\CXSTM8\Lib\libm0.sm8)fgadd.o section .text
                                               used in Debug\adc.o
c_fmul                              0000920e   defined in (D:\Program Files (x86)\COSMIC\CXSTM8\Lib\libm0.sm8)fmul.o section .text
                                               used in Debug\adc.o
c_fsub                              000090a5   defined in (D:\Program Files (x86)\COSMIC\CXSTM8\Lib\libm0.sm8)fadd.o section .text
                                               used in Debug\adc.o
c_ftoi                              000092e3   defined in (D:\Program Files (x86)\COSMIC\CXSTM8\Lib\libm0.sm8)ftol.o section .text
                                               used in Debug\i2c_slave_interrupt.o
c_ftol                              000092e9   defined in (D:\Program Files (x86)\COSMIC\CXSTM8\Lib\libm0.sm8)ftol.o section .text
c_itof                              00009345   defined in (D:\Program Files (x86)\COSMIC\CXSTM8\Lib\libm0.sm8)itof.o section .text
                                               used in Debug\adc.o
c_lgsbc                             00009373   defined in (D:\Program Files (x86)\COSMIC\CXSTM8\Lib\libm0.sm8)lgsbc.o section .text
                                               used in Debug\i2c_slave_interrupt.o
c_lreg                              0000009b   defined in (D:\Program Files (x86)\COSMIC\CXSTM8\Lib\libm0.sm8)lreg.o section .ubsct
                                               used in Debug\stm8s_clk.o
                                                       Debug\stm8s_i2c.o
                                                       Debug\stm8s_uart1.o
                                                       Debug\i2c_slave_interrupt.o
                                                       (D:\Program Files (x86)\COSMIC\CXSTM8\Lib\libm0.sm8)fadd.o
                                                       (D:\Program Files (x86)\COSMIC\CXSTM8\Lib\libm0.sm8)fdiv.o
                                                       (D:\Program Files (x86)\COSMIC\CXSTM8\Lib\libm0.sm8)fmul.o
                                                       (D:\Program Files (x86)\COSMIC\CXSTM8\Lib\libm0.sm8)ftol.o
                                                       (D:\Program Files (x86)\COSMIC\CXSTM8\Lib\libm0.sm8)itof.o
                                                       (D:\Program Files (x86)\COSMIC\CXSTM8\Lib\libm0.sm8)lcmp.o
                                                       (D:\Program Files (x86)\COSMIC\CXSTM8\Lib\libm0.sm8)llsh.o
                                                       (D:\Program Files (x86)\COSMIC\CXSTM8\Lib\libm0.sm8)lmul.o
                                                       (D:\Program Files (x86)\COSMIC\CXSTM8\Lib\libm0.sm8)lrzmp.o
                                                       (D:\Program Files (x86)\COSMIC\CXSTM8\Lib\libm0.sm8)lsub.o
                                                       (D:\Program Files (x86)\COSMIC\CXSTM8\Lib\libm0.sm8)ltor.o
                                                       (D:\Program Files (x86)\COSMIC\CXSTM8\Lib\libm0.sm8)ldiv.o
                                                       (D:\Program Files (x86)\COSMIC\CXSTM8\Lib\libm0.sm8)lneg.o
                                                       (D:\Program Files (x86)\COSMIC\CXSTM8\Lib\libm0.sm8)lursh.o
                                                       (D:\Program Files (x86)\COSMIC\CXSTM8\Lib\libm0.sm8)rtol.o
                                                       (D:\Program Files (x86)\COSMIC\CXSTM8\Lib\libm0.sm8)smul.o
                                                       (D:\Program Files (x86)\COSMIC\CXSTM8\Lib\libm0.sm8)uitof.o
c_lrzmp                             00009389   defined in (D:\Program Files (x86)\COSMIC\CXSTM8\Lib\libm0.sm8)lrzmp.o section .text
                                               used in Debug\i2c_slave_interrupt.o
c_ltor                              0000939c   defined in (D:\Program Files (x86)\COSMIC\CXSTM8\Lib\libm0.sm8)ltor.o section .text
                                               used in Debug\stm8s_clk.o
                                                       Debug\stm8s_i2c.o
                                                       Debug\stm8s_uart1.o
                                                       Debug\adc.o
                                                       Debug\i2c_slave_interrupt.o
c_okadd                             000090c3   defined in (D:\Program Files (x86)\COSMIC\CXSTM8\Lib\libm0.sm8)fadd.o section .text
c_okdiv                             00009192   defined in (D:\Program Files (x86)\COSMIC\CXSTM8\Lib\libm0.sm8)fdiv.o section .text
                                               *** not used ***
c_okmul                             0000921c   defined in (D:\Program Files (x86)\COSMIC\CXSTM8\Lib\libm0.sm8)fmul.o section .text
                                               *** not used ***
c_oksub                             000090af   defined in (D:\Program Files (x86)\COSMIC\CXSTM8\Lib\libm0.sm8)fadd.o section .text
                                               *** not used ***
c_rtol                              000093ae   defined in (D:\Program Files (x86)\COSMIC\CXSTM8\Lib\libm0.sm8)rtol.o section .text
                                               used in Debug\stm8s_clk.o
                                                       Debug\stm8s_i2c.o
                                                       Debug\stm8s_uart1.o
                                                       Debug\adc.o
                                                       (D:\Program Files (x86)\COSMIC\CXSTM8\Lib\libm0.sm8)fgadd.o
c_uitof                             000093c0   defined in (D:\Program Files (x86)\COSMIC\CXSTM8\Lib\libm0.sm8)uitof.o section .text
                                               used in Debug\adc.o
c_x                                 0000009f   defined in (D:\Program Files (x86)\COSMIC\CXSTM8\Lib\libm0.sm8)xreg.o section .ubsct
                                               used in D:\Program Files (x86)\COSMIC\CXSTM8\Lib\crtsi0.sm8
                                                       Debug\i2c_slave_interrupt.o
                                                       Debug\timer.o
                                                       (D:\Program Files (x86)\COSMIC\CXSTM8\Lib\libm0.sm8)fadd.o
                                                       (D:\Program Files (x86)\COSMIC\CXSTM8\Lib\libm0.sm8)fdiv.o
                                                       (D:\Program Files (x86)\COSMIC\CXSTM8\Lib\libm0.sm8)fmul.o
                                                       (D:\Program Files (x86)\COSMIC\CXSTM8\Lib\libm0.sm8)lmul.o
                                                       (D:\Program Files (x86)\COSMIC\CXSTM8\Lib\libm0.sm8)ldiv.o
                                                       (D:\Program Files (x86)\COSMIC\CXSTM8\Lib\libm0.sm8)sdivx.o
c_y                                 000000a2   defined in (D:\Program Files (x86)\COSMIC\CXSTM8\Lib\libm0.sm8)yreg.o section .ubsct
                                               used in D:\Program Files (x86)\COSMIC\CXSTM8\Lib\crtsi0.sm8
                                                       Debug\adc.o
                                                       Debug\i2c_slave_interrupt.o
                                                       Debug\timer.o
f_ADC1_IRQHandler                   ********   *** removed from Debug\stm8s_it.o ***
f_AWU_IRQHandler                    ********   *** removed from Debug\stm8s_it.o ***
f_CLK_IRQHandler                    ********   *** removed from Debug\stm8s_it.o ***
f_EEPROM_EEC_IRQHandler             ********   *** removed from Debug\stm8s_it.o ***
f_EXTI_PORTA_IRQHandler             ********   *** removed from Debug\stm8s_it.o ***
f_EXTI_PORTB_IRQHandler             ********   *** removed from Debug\stm8s_it.o ***
f_EXTI_PORTC_IRQHandler             ********   *** removed from Debug\stm8s_it.o ***
f_EXTI_PORTD_IRQHandler             ********   *** removed from Debug\stm8s_it.o ***
f_EXTI_PORTE_IRQHandler             ********   *** removed from Debug\stm8s_it.o ***
f_I2C_Slave_check_event             00008e88   defined in Debug\i2c_slave_interrupt.o section .text
                                               used in Debug\stm8_interrupt_vector.o
f_NonHandledInterrupt               000093e4   defined in Debug\stm8_interrupt_vector.o section .text
f_SPI_IRQHandler                    ********   *** removed from Debug\stm8s_it.o ***
f_TIM1_CAP_COM_IRQHandler           ********   *** removed from Debug\stm8s_it.o ***
f_TIM1_UPD_OVF_TRG_BRK_IRQHandler   ********   *** removed from Debug\stm8s_it.o ***
f_TIM2_CAP_COM_IRQHandler           ********   *** removed from Debug\stm8s_it.o ***
f_TIM2_UPD_OVF_BRK_IRQHandler       ********   *** removed from Debug\stm8s_it.o ***
f_TIM4InterruptHandle               00009081   defined in Debug\timer.o section .text
                                               used in Debug\stm8_interrupt_vector.o
f_TLI_IRQHandler                    ********   *** removed from Debug\stm8s_it.o ***
f_TRAP_IRQHandler                   ********   *** removed from Debug\stm8s_it.o ***
f_UART1_RX_IRQHandler               ********   *** removed from Debug\stm8s_it.o ***
f_UART1_TX_IRQHandler               ********   *** removed from Debug\stm8s_it.o ***
